
Discarded input sections

 .text          0x00000000        0x0 build/obj/crt0.o
 .data          0x00000000        0x0 build/obj/crt0.o
 .bss           0x00000000        0x0 build/obj/crt0.o
 .text.__early_init
                0x00000000       0x10 build/obj/crt0.o
 .text          0x00000000        0x0 build/obj/vectors.o
 .data          0x00000000        0x0 build/obj/vectors.o
 .bss           0x00000000        0x0 build/obj/vectors.o
 .text          0x00000000        0x0 build/obj/chcore.o
 .data          0x00000000        0x0 build/obj/chcore.o
 .bss           0x00000000        0x0 build/obj/chcore.o
 .text          0x00000000        0x0 build/obj/chcore_v7m.o
 .data          0x00000000        0x0 build/obj/chcore_v7m.o
 .bss           0x00000000        0x0 build/obj/chcore_v7m.o
 .text          0x00000000        0x0 build/obj/nvic.o
 .data          0x00000000        0x0 build/obj/nvic.o
 .bss           0x00000000        0x0 build/obj/nvic.o
 .text.nvicDisableVector
                0x00000000       0x40 build/obj/nvic.o
 .text          0x00000000        0x0 build/obj/chsys.o
 .data          0x00000000        0x0 build/obj/chsys.o
 .bss           0x00000000        0x0 build/obj/chsys.o
 .text          0x00000000        0x0 build/obj/chdebug.o
 .data          0x00000000        0x0 build/obj/chdebug.o
 .bss           0x00000000        0x0 build/obj/chdebug.o
 .debug_info    0x00000000       0x79 build/obj/chdebug.o
 .debug_abbrev  0x00000000       0x26 build/obj/chdebug.o
 .debug_aranges
                0x00000000       0x18 build/obj/chdebug.o
 .debug_line    0x00000000       0x1d build/obj/chdebug.o
 .debug_str     0x00000000      0x131 build/obj/chdebug.o
 .comment       0x00000000       0x71 build/obj/chdebug.o
 .ARM.attributes
                0x00000000       0x33 build/obj/chdebug.o
 .text          0x00000000        0x0 build/obj/chlists.o
 .data          0x00000000        0x0 build/obj/chlists.o
 .bss           0x00000000        0x0 build/obj/chlists.o
 .debug_info    0x00000000       0x79 build/obj/chlists.o
 .debug_abbrev  0x00000000       0x26 build/obj/chlists.o
 .debug_aranges
                0x00000000       0x18 build/obj/chlists.o
 .debug_line    0x00000000       0x1d build/obj/chlists.o
 .debug_str     0x00000000      0x131 build/obj/chlists.o
 .comment       0x00000000       0x71 build/obj/chlists.o
 .ARM.attributes
                0x00000000       0x33 build/obj/chlists.o
 .text          0x00000000        0x0 build/obj/chvt.o
 .data          0x00000000        0x0 build/obj/chvt.o
 .bss           0x00000000        0x0 build/obj/chvt.o
 .text          0x00000000        0x0 build/obj/chschd.o
 .data          0x00000000        0x0 build/obj/chschd.o
 .bss           0x00000000        0x0 build/obj/chschd.o
 .text.chSchRescheduleS
                0x00000000       0x20 build/obj/chschd.o
 .text          0x00000000        0x0 build/obj/chthreads.o
 .data          0x00000000        0x0 build/obj/chthreads.o
 .bss           0x00000000        0x0 build/obj/chthreads.o
 .text.chThdSetPriority
                0x00000000       0x30 build/obj/chthreads.o
 .text.chThdResume
                0x00000000       0x20 build/obj/chthreads.o
 .text.chThdTerminate
                0x00000000       0x20 build/obj/chthreads.o
 .text.chThdSleepUntil
                0x00000000       0x30 build/obj/chthreads.o
 .text.chThdYield
                0x00000000       0x30 build/obj/chthreads.o
 .text.chThdWait
                0x00000000       0x40 build/obj/chthreads.o
 .text          0x00000000        0x0 build/obj/chdynamic.o
 .data          0x00000000        0x0 build/obj/chdynamic.o
 .bss           0x00000000        0x0 build/obj/chdynamic.o
 .text.chThdAddRef
                0x00000000       0x20 build/obj/chdynamic.o
 .text.chThdRelease
                0x00000000       0x50 build/obj/chdynamic.o
 .text.chThdCreateFromHeap
                0x00000000       0x40 build/obj/chdynamic.o
 .text.chThdCreateFromMemoryPool
                0x00000000       0x50 build/obj/chdynamic.o
 .debug_info    0x00000000      0x903 build/obj/chdynamic.o
 .debug_abbrev  0x00000000      0x23a build/obj/chdynamic.o
 .debug_loc     0x00000000      0x2fa build/obj/chdynamic.o
 .debug_aranges
                0x00000000       0x38 build/obj/chdynamic.o
 .debug_ranges  0x00000000       0x28 build/obj/chdynamic.o
 .debug_line    0x00000000      0x242 build/obj/chdynamic.o
 .debug_str     0x00000000      0x404 build/obj/chdynamic.o
 .comment       0x00000000       0x71 build/obj/chdynamic.o
 .ARM.attributes
                0x00000000       0x33 build/obj/chdynamic.o
 .debug_frame   0x00000000       0x80 build/obj/chdynamic.o
 .text          0x00000000        0x0 build/obj/chregistry.o
 .data          0x00000000        0x0 build/obj/chregistry.o
 .bss           0x00000000        0x0 build/obj/chregistry.o
 .text.chRegFirstThread
                0x00000000       0x20 build/obj/chregistry.o
 .text.chRegNextThread
[...]
Memory Configuration

Name             Origin             Length             Attributes
flash            0x08000000         0x00040000
ram              0x20000000         0x0000a000
ccmram           0x10000000         0x00002000
*default*        0x00000000         0xffffffff

Linker script and memory map

LOAD build/obj/crt0.o
LOAD build/obj/vectors.o
LOAD build/obj/chcore.o
LOAD build/obj/chcore_v7m.o
LOAD build/obj/nvic.o
LOAD build/obj/chsys.o
LOAD build/obj/chdebug.o
LOAD build/obj/chlists.o
LOAD build/obj/chvt.o
LOAD build/obj/chschd.o
LOAD build/obj/chthreads.o
LOAD build/obj/chdynamic.o
LOAD build/obj/chregistry.o
LOAD build/obj/chsem.o
LOAD build/obj/chmtx.o
LOAD build/obj/chcond.o
LOAD build/obj/chevents.o
LOAD build/obj/chmsg.o
LOAD build/obj/chmboxes.o
LOAD build/obj/chqueues.o
LOAD build/obj/chmemcore.o
LOAD build/obj/chheap.o
LOAD build/obj/chmempools.o
LOAD build/obj/test.o
LOAD build/obj/testthd.o
LOAD build/obj/testsem.o
LOAD build/obj/testmtx.o
LOAD build/obj/testmsg.o
LOAD build/obj/testmbox.o
LOAD build/obj/testevt.o
LOAD build/obj/testheap.o
LOAD build/obj/testpools.o
LOAD build/obj/testdyn.o
LOAD build/obj/testqueues.o
LOAD build/obj/testbmk.o
LOAD build/obj/hal.o
LOAD build/obj/adc.o
LOAD build/obj/can.o
LOAD build/obj/dac.o
LOAD build/obj/ext.o
LOAD build/obj/gpt.o
LOAD build/obj/i2c.o
LOAD build/obj/icu.o
LOAD build/obj/mac.o
LOAD build/obj/mmc_spi.o
LOAD build/obj/mmcsd.o
LOAD build/obj/pal.o
LOAD build/obj/pwm.o
LOAD build/obj/rtc.o
LOAD build/obj/sdc.o
LOAD build/obj/serial.o
LOAD build/obj/serial_usb.o
LOAD build/obj/spi.o
LOAD build/obj/tm.o
LOAD build/obj/uart.o
LOAD build/obj/usb.o
LOAD build/obj/stm32_dma.o
LOAD build/obj/hal_lld.o
LOAD build/obj/adc_lld.o
LOAD build/obj/ext_lld_isr.o
LOAD build/obj/can_lld.o
LOAD build/obj/ext_lld.o
LOAD build/obj/pal_lld.o
LOAD build/obj/i2c_lld.o
LOAD build/obj/rtc_lld.o
LOAD build/obj/spi_lld.o
LOAD build/obj/gpt_lld.o
LOAD build/obj/icu_lld.o
LOAD build/obj/pwm_lld.o
LOAD build/obj/serial_lld.o
LOAD build/obj/uart_lld.o
LOAD build/obj/usb_lld.o
LOAD build/obj/board.o
LOAD build/obj/main.o
LOAD build/obj/blinky.o
LOAD build/obj/uart_scp.o
START GROUP
LOAD /opt/ARM/gcc-arm-none-eabi-4_7-2013q3/bin/../lib/gcc/arm-none-eabi/4.7.4/armv7e-m/libgcc.a
LOAD /opt/ARM/gcc-arm-none-eabi-4_7-2013q3/bin/../lib/gcc/arm-none-eabi/4.7.4/../../../../arm-none-eabi/lib/armv7e-m/libc.a
END GROUP
                0x00000400                __main_stack_size__ = 0x400
                0x00000400                __process_stack_size__ = 0x400
                0x20000000                __ram_start__ = ORIGIN (ram)
                0x0000a000                __ram_size__ = 0xa000
                0x2000a000                __ram_end__ = (__ram_start__ + __ram_size__)
                0x00000000                . = 0x0
                0x00000000                _text = .

startup         0x08000000      0x188
 *(vectors)
 vectors        0x08000000      0x188 build/obj/vectors.o
                0x08000000                _vectors

constructors    0x08000188        0x0
                0x08000188                PROVIDE (__init_array_start, .)
 *(SORT(.init_array.*))
 *(.init_array)
                0x08000188                PROVIDE (__init_array_end, .)

destructors     0x08000188        0x0
                0x08000188                PROVIDE (__fini_array_start, .)
 *(.fini_array)
 *(SORT(.fini_array.*))
                0x08000188                PROVIDE (__fini_array_end, .)

.text           0x08000190     0x18d8
 *(.text.startup.*)
 .text.startup.main
                0x08000190       0x20 build/obj/main.o
                0x08000190                main
 *(.text)
 *(.text.*)
 .text.__late_init
                0x080001b0       0x10 build/obj/crt0.o
                0x080001b0                __late_init
 .text._default_exit
                0x080001c0       0x10 build/obj/crt0.o
                0x080001c0                _default_exit
 .text.ResetHandler
                0x080001d0      0x1d0 build/obj/crt0.o
                0x080001d0                ResetHandler
 .text._unhandled_exception
                0x080003a0       0x10 build/obj/vectors.o
                0x080003a0                Vector58
                0x080003a0                VectorE8
                0x080003a0                Vector9C
                0x080003a0                VectorAC
                0x080003a0                Vector5C
                0x080003a0                NMIVector
                0x080003a0                Vector11C
                0x080003a0                Vector8C
                0x080003a0                VectorDC
                0x080003a0                Vector168
                0x080003a0                Vector110
                0x080003a0                VectorC8
                0x080003a0                Vector94
                0x080003a0                VectorA8
                0x080003a0                VectorB4
                0x080003a0                Vector160
                0x080003a0                VectorEC
                0x080003a0                UsageFaultVector
                0x080003a0                DebugMonitorVector
                0x080003a0                Vector40
                0x080003a0                VectorF8
                0x080003a0                Vector108
                0x080003a0                VectorBC
                0x080003a0                Vector150
                0x080003a0                Vector148
                0x080003a0                PendSVVector
                0x080003a0                Vector118
                0x080003a0                Vector64
                0x080003a0                VectorCC
                0x080003a0                Vector54
                0x080003a0                Vector98
                0x080003a0                VectorD8
                0x080003a0                Vector138
                0x080003a0                Vector24
                0x080003a0                Vector178
                0x080003a0                BusFaultVector
                0x080003a0                VectorD0
                0x080003a0                Vector140
                0x080003a0                VectorE4
                0x080003a0                VectorC0
                0x080003a0                Vector158
                0x080003a0                HardFaultVector
                0x080003a0                Vector134
                0x080003a0                VectorF0
                0x080003a0                Vector13C
                0x080003a0                Vector100
                0x080003a0                VectorE0
                0x080003a0                VectorF4
                0x080003a0                MemManageVector
                0x080003a0                VectorA0
                0x080003a0                VectorC4
                0x080003a0                Vector180
                0x080003a0                VectorB0
                0x080003a0                Vector90
                0x080003a0                Vector114
                0x080003a0                Vector164
                0x080003a0                Vector60
                0x080003a0                Vector1C
                0x080003a0                Vector17C
                0x080003a0                Vector48
                0x080003a0                Vector16C
                0x080003a0                Vector4C
                0x080003a0                Vector144
                0x080003a0                Vector15C
                0x080003a0                Vector68
                0x080003a0                _unhandled_exception
                0x080003a0                Vector170
                0x080003a0                Vector88
                0x080003a0                Vector104
                0x080003a0                Vector184
                0x080003a0                Vector10C
                0x080003a0                Vector14C
                0x080003a0                Vector50
                0x080003a0                Vector154
                0x080003a0                Vector44
                0x080003a0                Vector28
                0x080003a0                VectorFC
                0x080003a0                Vector34
                0x080003a0                VectorA4
                0x080003a0                Vector20
                0x080003a0                Vector174
 .text.port_halt
                0x080003b0       0x10 build/obj/chcore.o
                0x080003b0                port_halt
 .text._port_switch_from_isr
                0x080003c0       0x10 build/obj/chcore_v7m.o
                0x080003c0                _port_switch_from_isr
 .text.SVCallVector
                0x080003d0       0x20 build/obj/chcore_v7m.o
                0x080003d0                SVCallVector
 .text._port_init
                0x080003f0       0x40 build/obj/chcore_v7m.o
                0x080003f0                _port_init
 .text._port_irq_epilogue
                0x08000430       0x70 build/obj/chcore_v7m.o
                0x08000430                _port_irq_epilogue
 .text.SysTickVector
                0x080004a0       0x20 build/obj/chcore_v7m.o
                0x080004a0                SysTickVector
 .text._port_switch
                0x080004c0       0x10 build/obj/chcore_v7m.o
                0x080004c0                _port_switch
 .text._port_thread_start
                0x080004d0       0x10 build/obj/chcore_v7m.o
                0x080004d0                _port_thread_start
 .text.nvicEnableVector
                0x080004e0       0x50 build/obj/nvic.o
                0x080004e0                nvicEnableVector
 .text.nvicSetSystemHandlerPriority
                0x08000530       0x30 build/obj/nvic.o
                0x08000530                nvicSetSystemHandlerPriority
 .text._idle_thread
                0x08000560       0x20 build/obj/chsys.o
                0x08000560                _idle_thread
 .text.chSysInit
                0x08000580       0x70 build/obj/chsys.o
                0x08000580                chSysInit
 .text.chSysTimerHandlerI
                0x080005f0       0x60 build/obj/chsys.o
                0x080005f0                chSysTimerHandlerI
 .text._vt_init
                0x08000650       0x20 build/obj/chvt.o
                0x08000650                _vt_init
 .text.chVTSetI
                0x08000670       0x40 build/obj/chvt.o
                0x08000670                chVTSetI
 .text.chVTResetI
                0x080006b0       0x30 build/obj/chvt.o
                0x080006b0                chVTResetI
 .text.wakeup   0x080006e0       0x60 build/obj/chschd.o
 .text._scheduler_init
                0x08000740       0x20 build/obj/chschd.o
                0x08000740                _scheduler_init
 .text.chSchReadyI
                0x08000760       0x20 build/obj/chschd.o
                0x08000760                chSchReadyI
 .text.chSchGoSleepS
                0x08000780       0x30 build/obj/chschd.o
                0x08000780                chSchGoSleepS
 .text.chSchGoSleepTimeoutS
                0x080007b0       0x40 build/obj/chschd.o
                0x080007b0                chSchGoSleepTimeoutS
 .text.chSchWakeupS
                0x080007f0       0x60 build/obj/chschd.o
                0x080007f0                chSchWakeupS
 .text.chSchDoRescheduleBehind
                0x08000850       0x40 build/obj/chschd.o
                0x08000850                chSchDoRescheduleBehind
 .text.chSchDoRescheduleAhead
                0x08000890       0x40 build/obj/chschd.o
                0x08000890                chSchDoRescheduleAhead
 .text.chSchDoReschedule
                0x080008d0       0x20 build/obj/chschd.o
                0x080008d0                chSchDoReschedule
 .text._thread_init
                0x080008f0       0x50 build/obj/chthreads.o
                0x080008f0                _thread_init
 .text.chThdCreateI
                0x08000940       0x70 build/obj/chthreads.o
                0x08000940                chThdCreateI
 .text.chThdCreateStatic
                0x080009b0       0x30 build/obj/chthreads.o
                0x080009b0                chThdCreateStatic
 .text.chThdSleep
                0x080009e0       0x20 build/obj/chthreads.o
                0x080009e0                chThdSleep
 .text.chThdExitS
                0x08000a00       0x40 build/obj/chthreads.o
                0x08000a00                chThdExitS
 .text.chThdExit
                0x08000a40       0x10 build/obj/chthreads.o
                0x08000a40                chThdExit
 .text.chMtxInit
                0x08000a50       0x10 build/obj/chmtx.o
                0x08000a50                chMtxInit
 .text._core_init
                0x08000a60       0x30 build/obj/chmemcore.o
                0x08000a60                _core_init
 .text.chCoreAlloc
                0x08000a90       0x40 build/obj/chmemcore.o
                0x08000a90                chCoreAlloc
 .text._heap_init
                0x08000ad0       0x20 build/obj/chheap.o
                0x08000ad0                _heap_init
 .text.halInit  0x08000af0       0x30 build/obj/hal.o
                0x08000af0                halInit
 .text.pwmInit  0x08000b20       0x10 build/obj/pwm.o
                0x08000b20                pwmInit
 .text.pwmObjectInit
                0x08000b30       0x10 build/obj/pwm.o
                0x08000b30                pwmObjectInit
 .text.uartInit
                0x08000b40       0x10 build/obj/uart.o
                0x08000b40                uartInit
 .text.uartObjectInit
                0x08000b50       0x10 build/obj/uart.o
                0x08000b50                uartObjectInit
 .text.uartStart
                0x08000b60       0x20 build/obj/uart.o
                0x08000b60                uartStart
 .text.uartStartSend
                0x08000b80       0x20 build/obj/uart.o
                0x08000b80                uartStartSend
 .text.uartStartSendI
                0x08000ba0       0x10 build/obj/uart.o
                0x08000ba0                uartStartSendI
 .text.uartStartReceive
                0x08000bb0       0x20 build/obj/uart.o
                0x08000bb0                uartStartReceive
 .text.uartStartReceiveI
                0x08000bd0       0x10 build/obj/uart.o
                0x08000bd0                uartStartReceiveI
 .text.Vector6C
                0x08000be0       0x30 build/obj/stm32_dma.o
                0x08000be0                Vector6C
 .text.Vector70
                0x08000c10       0x30 build/obj/stm32_dma.o
                0x08000c10                Vector70
 .text.Vector74
                0x08000c40       0x30 build/obj/stm32_dma.o
                0x08000c40                Vector74
 .text.Vector78
                0x08000c70       0x30 build/obj/stm32_dma.o
                0x08000c70                Vector78
 .text.Vector7C
                0x08000ca0       0x30 build/obj/stm32_dma.o
                0x08000ca0                Vector7C
 .text.Vector80
                0x08000cd0       0x30 build/obj/stm32_dma.o
                0x08000cd0                Vector80
 .text.Vector84
                0x08000d00       0x30 build/obj/stm32_dma.o
                0x08000d00                Vector84
 .text.Vector120
                0x08000d30       0x30 build/obj/stm32_dma.o
                0x08000d30                Vector120
 .text.Vector124
                0x08000d60       0x30 build/obj/stm32_dma.o
                0x08000d60                Vector124
 .text.Vector128
                0x08000d90       0x30 build/obj/stm32_dma.o
                0x08000d90                Vector128
 .text.Vector12C
                0x08000dc0       0x30 build/obj/stm32_dma.o
                0x08000dc0                Vector12C
 .text.Vector130
                0x08000df0       0x30 build/obj/stm32_dma.o
                0x08000df0                Vector130
 .text.dmaInit  0x08000e20       0xf0 build/obj/stm32_dma.o
                0x08000e20                dmaInit
 .text.dmaStreamAllocate
                0x08000f10       0xa0 build/obj/stm32_dma.o
                0x08000f10                dmaStreamAllocate
 .text.hal_lld_init
                0x08000fb0       0xd0 build/obj/hal_lld.o
                0x08000fb0                hal_lld_init
 .text.stm32_clock_init
                0x08001080       0xc0 build/obj/hal_lld.o
                0x08001080                stm32_clock_init
 .text._pal_lld_init
                0x08001140      0x100 build/obj/pal_lld.o
                0x08001140                _pal_lld_init
 .text.VectorB8
                0x08001240       0x80 build/obj/pwm_lld.o
                0x08001240                VectorB8
 .text.pwm_lld_init
                0x080012c0       0x20 build/obj/pwm_lld.o
                0x080012c0                pwm_lld_init
 .text.set_rx_idle_loop
                0x080012e0       0x30 build/obj/uart_lld.o
 .text.usart_stop
                0x08001310       0x50 build/obj/uart_lld.o
 .text.uart_lld_serve_tx_end_irq
                0x08001360       0x50 build/obj/uart_lld.o
 .text.uart_lld_serve_rx_end_irq
                0x080013b0       0x60 build/obj/uart_lld.o
 .text.VectorD4
                0x08001410       0x60 build/obj/uart_lld.o
                0x08001410                VectorD4
 .text.uart_lld_init
                0x08001470       0x30 build/obj/uart_lld.o
                0x08001470                uart_lld_init
 .text.uart_lld_start
                0x080014a0       0xe0 build/obj/uart_lld.o
                0x080014a0                uart_lld_start
 .text.uart_lld_start_send
                0x08001580       0x20 build/obj/uart_lld.o
                0x08001580                uart_lld_start_send
 .text.uart_lld_start_receive
                0x080015a0       0x40 build/obj/uart_lld.o
                0x080015a0                uart_lld_start_receive
 .text.__early_init
                0x080015e0       0x10 build/obj/board.o
                0x080015e0                __early_init
 .text.boardInit
                0x080015f0       0x10 build/obj/board.o
                0x080015f0                boardInit
 .text.tBlinkyGreen
                0x08001600       0x50 build/obj/blinky.o
 .text.startBlinkyGreen
                0x08001650       0x30 build/obj/blinky.o
                0x08001650                startBlinkyGreen
 .text.txend1   0x08001680       0x10 build/obj/uart_scp.o
 .text.txend2   0x08001690       0x10 build/obj/uart_scp.o
 .text.rxerr    0x080016a0       0x10 build/obj/uart_scp.o
 .text.rxchar   0x080016b0       0x10 build/obj/uart_scp.o
 .text.crc8     0x080016c0      0x120 build/obj/uart_scp.o
                0x080016c0                crc8
 .text.rxend    0x080017e0       0xd0 build/obj/uart_scp.o
 .text.uartSCPInit
                0x080018b0       0x30 build/obj/uart_scp.o
                0x080018b0                uartSCPInit
 *(.rodata)
 *(.rodata.*)
 .rodata.str1.4
                0x080018e0        0x5 build/obj/chsys.o
                                  0x8 (size before relaxing)
 *fill*         0x080018e5        0xb 00
 .rodata.ch_debug
                0x080018f0       0x18 build/obj/chregistry.o
                0x080018f0                ch_debug
 *fill*         0x08001908        0x8 00
 .rodata._stm32_dma_streams
                0x08001910       0x90 build/obj/stm32_dma.o
                0x08001910                _stm32_dma_streams
 .rodata.pal_default_config
                0x080019a0       0xa8 build/obj/board.o
                0x080019a0                pal_default_config
 *fill*         0x08001a48        0x8 00
 .rodata.str1.4
                0x08001a50       0x18 build/obj/blinky.o
 *(.glue_7t)
 .glue_7t       0x00000000        0x0 linker stubs
 *(.glue_7)
 .glue_7        0x00000000        0x0 linker stubs
 *(.gcc*)

.vfp11_veneer   0x08001a68        0x0
 .vfp11_veneer  0x00000000        0x0 linker stubs

.v4_bx          0x08001a68        0x0
 .v4_bx         0x00000000        0x0 linker stubs

.iplt           0x08001a68        0x0
 .iplt          0x00000000        0x0 build/obj/crt0.o

.rel.dyn        0x08001a68        0x0
 .rel.iplt      0x00000000        0x0 build/obj/crt0.o

.ARM.extab
 *(.ARM.extab* .gnu.linkonce.armextab.*)

.ARM.exidx      0x08001a68        0x0
                0x08001a68                PROVIDE (__exidx_start, .)
 *(.ARM.exidx* .gnu.linkonce.armexidx.*)
                0x08001a68                PROVIDE (__exidx_end, .)

.eh_frame_hdr
 *(.eh_frame_hdr)

.eh_frame
 *(.eh_frame)

.textalign      0x08001a68        0x0
                0x08001a68                . = ALIGN (0x8)
                0x08001a68                . = ALIGN (0x4)
                0x08001a68                _etext = .
                0x08001a68                _textdata = _etext

.stacks         0x20000000      0x800
                0x20000000                . = ALIGN (0x8)
                0x20000000                __main_stack_base__ = .
                0x20000400                . = (. + __main_stack_size__)
 *fill*         0x20000000      0x400 00
                0x20000400                . = ALIGN (0x8)
                0x20000400                __main_stack_end__ = .
                0x20000400                __process_stack_base__ = .
                0x20000400                __main_thread_stack_base__ = .
                0x20000800                . = (. + __process_stack_size__)
 *fill*         0x20000400      0x400 00
                0x20000800                . = ALIGN (0x8)
                0x20000800                __process_stack_end__ = .
                0x20000800                __main_thread_stack_end__ = .

.data           0x20000800       0x24 load address 0x08001a68
                0x20000800                . = ALIGN (0x4)
                0x20000800                PROVIDE (_data, .)
 *(.data)
                0x20000800                . = ALIGN (0x4)
 *(.data.*)
 .data.uart_cfg_1
                0x20000800       0x24 build/obj/uart_scp.o
                0x20000824                . = ALIGN (0x4)
 *(.ramtext)
                0x20000824                . = ALIGN (0x4)
                0x20000824                PROVIDE (_edata, .)

.igot.plt       0x20000824        0x0 load address 0x08001a8c
 .igot.plt      0x00000000        0x0 build/obj/crt0.o

.bss            0x20000828      0x338 load address 0x08001a8c
                0x20000828                . = ALIGN (0x4)
                0x20000828                PROVIDE (_bss_start, .)
 *(.bss)
                0x20000828                . = ALIGN (0x4)
 *(.bss.*)
 .bss.mainthread.4773
                0x20000828       0x48 build/obj/chsys.o
 .bss._idle_thread_wa
                0x20000870       0xc0 build/obj/chsys.o
                0x20000870                _idle_thread_wa
 .bss.vtlist    0x20000930       0x10 build/obj/chvt.o
                0x20000930                vtlist
 .bss.rlist     0x20000940       0x1c build/obj/chschd.o
                0x20000940                rlist
 .bss.endmem    0x2000095c        0x4 build/obj/chmemcore.o
 .bss.nextmem   0x20000960        0x4 build/obj/chmemcore.o
 *fill*         0x20000964        0x4 00
 .bss.default_heap
                0x20000968       0x20 build/obj/chheap.o
 .bss.dma_isr_redir
                0x20000988       0x60 build/obj/stm32_dma.o
 .bss.dma_streams_mask
                0x200009e8        0x4 build/obj/stm32_dma.o
 .bss.PWMD4     0x200009ec       0x14 build/obj/pwm_lld.o
                0x200009ec                PWMD4
 .bss.UARTD1    0x20000a00       0x1c build/obj/uart_lld.o
                0x20000a00                UARTD1
 *fill*         0x20000a1c        0x4 00
 .bss.waBlinkyGreen
                0x20000a20      0x130 build/obj/blinky.o
 .bss.rxBuffer  0x20000b50        0x8 build/obj/uart_scp.o
                0x20000b50                rxBuffer
 .bss.txBuffer  0x20000b58        0x8 build/obj/uart_scp.o
                0x20000b58                txBuffer
                0x20000b60                . = ALIGN (0x4)
 *(COMMON)
                0x20000b60                . = ALIGN (0x4)
                0x20000b60                PROVIDE (_bss_end, .)
                0x20000b60                PROVIDE (end, .)
                0x20000b60                _end = .
                0x20000b60                __heap_base__ = _end
                0x2000a000                __heap_end__ = __ram_end__
OUTPUT(build/bldc-strip_v2.elf elf32-littlearm)

.debug_info     0x00000000     0xa14c
 .debug_info    0x00000000      0x2a8 build/obj/crt0.o
 .debug_info    0x000002a8      0x1f0 build/obj/vectors.o
 .debug_info    0x00000498       0x9a build/obj/chcore.o
 .debug_info    0x00000532      0x89b build/obj/chcore_v7m.o
 .debug_info    0x00000dcd      0x455 build/obj/nvic.o
 .debug_info    0x00001222      0x8aa build/obj/chsys.o
 .debug_info    0x00001acc      0x21f build/obj/chvt.o
 .debug_info    0x00001ceb      0x9eb build/obj/chschd.o
 .debug_info    0x000026d6      0xc4a build/obj/chthreads.o
 .debug_info    0x00003320      0x684 build/obj/chregistry.o
 .debug_info    0x000039a4      0xa47 build/obj/chmtx.o
 .debug_info    0x000043eb      0x22f build/obj/chmemcore.o
 .debug_info    0x0000461a      0x739 build/obj/chheap.o
 .debug_info    0x00004d53      0x3b3 build/obj/hal.o
 .debug_info    0x00005106      0x6ec build/obj/pwm.o
 .debug_info    0x000057f2      0xa50 build/obj/uart.o
 .debug_info    0x00006242      0x895 build/obj/stm32_dma.o
 .debug_info    0x00006ad7      0x461 build/obj/hal_lld.o
 .debug_info    0x00006f38      0x599 build/obj/pal_lld.o
 .debug_info    0x000074d1      0x723 build/obj/pwm_lld.o
 .debug_info    0x00007bf4      0xd65 build/obj/uart_lld.o
 .debug_info    0x00008959      0x1e8 build/obj/board.o
 .debug_info    0x00008b41      0x146 build/obj/main.o
 .debug_info    0x00008c87      0xb80 build/obj/blinky.o
 .debug_info    0x00009807      0x945 build/obj/uart_scp.o

.debug_abbrev   0x00000000     0x2e76
 .debug_abbrev  0x00000000       0xdc build/obj/crt0.o
 .debug_abbrev  0x000000dc       0xb1 build/obj/vectors.o
 .debug_abbrev  0x0000018d       0x44 build/obj/chcore.o
 .debug_abbrev  0x000001d1      0x1d5 build/obj/chcore_v7m.o
 .debug_abbrev  0x000003a6       0xf2 build/obj/nvic.o
 .debug_abbrev  0x00000498      0x220 build/obj/chsys.o
 .debug_abbrev  0x000006b8      0x133 build/obj/chvt.o
 .debug_abbrev  0x000007eb      0x340 build/obj/chschd.o
 .debug_abbrev  0x00000b2b      0x368 build/obj/chthreads.o
 .debug_abbrev  0x00000e93      0x197 build/obj/chregistry.o
 .debug_abbrev  0x0000102a      0x332 build/obj/chmtx.o
 .debug_abbrev  0x0000135c      0x16c build/obj/chmemcore.o
 .debug_abbrev  0x000014c8      0x210 build/obj/chheap.o
 .debug_abbrev  0x000016d8      0x1d7 build/obj/hal.o
 .debug_abbrev  0x000018af      0x1b8 build/obj/pwm.o
 .debug_abbrev  0x00001a67      0x29c build/obj/uart.o
 .debug_abbrev  0x00001d03      0x221 build/obj/stm32_dma.o
 .debug_abbrev  0x00001f24      0x12a build/obj/hal_lld.o
 .debug_abbrev  0x0000204e      0x1b4 build/obj/pal_lld.o
 .debug_abbrev  0x00002202      0x24b build/obj/pwm_lld.o
 .debug_abbrev  0x0000244d      0x3a6 build/obj/uart_lld.o
 .debug_abbrev  0x000027f3       0xe5 build/obj/board.o
 .debug_abbrev  0x000028d8       0xb8 build/obj/main.o
 .debug_abbrev  0x00002990      0x218 build/obj/blinky.o
 .debug_abbrev  0x00002ba8      0x2ce build/obj/uart_scp.o

.debug_aranges  0x00000000      0x698
 .debug_aranges
                0x00000000       0x38 build/obj/crt0.o
 .debug_aranges
                0x00000038       0x20 build/obj/vectors.o
 .debug_aranges
                0x00000058       0x20 build/obj/chcore.o
 .debug_aranges
                0x00000078       0x50 build/obj/chcore_v7m.o
 .debug_aranges
                0x000000c8       0x30 build/obj/nvic.o
 .debug_aranges
                0x000000f8       0x30 build/obj/chsys.o
 .debug_aranges
                0x00000128       0x30 build/obj/chvt.o
 .debug_aranges
                0x00000158       0x68 build/obj/chschd.o
 .debug_aranges
                0x000001c0       0x78 build/obj/chthreads.o
 .debug_aranges
                0x00000238       0x28 build/obj/chregistry.o
 .debug_aranges
                0x00000260       0x58 build/obj/chmtx.o
 .debug_aranges
                0x000002b8       0x38 build/obj/chmemcore.o
 .debug_aranges
                0x000002f0       0x40 build/obj/chheap.o
 .debug_aranges
                0x00000330       0x30 build/obj/hal.o
 .debug_aranges
                0x00000360       0x50 build/obj/pwm.o
 .debug_aranges
                0x000003b0       0x78 build/obj/uart.o
 .debug_aranges
                0x00000428       0x90 build/obj/stm32_dma.o
 .debug_aranges
                0x000004b8       0x28 build/obj/hal_lld.o
 .debug_aranges
                0x000004e0       0x28 build/obj/pal_lld.o
 .debug_aranges
                0x00000508       0x48 build/obj/pwm_lld.o
 .debug_aranges
                0x00000550       0x78 build/obj/uart_lld.o
 .debug_aranges
                0x000005c8       0x28 build/obj/board.o
 .debug_aranges
                0x000005f0       0x20 build/obj/main.o
 .debug_aranges
                0x00000610       0x38 build/obj/blinky.o
 .debug_aranges
                0x00000648       0x50 build/obj/uart_scp.o

.debug_ranges   0x00000000      0xbf0
 .debug_ranges  0x00000000       0xe0 build/obj/crt0.o
 .debug_ranges  0x000000e0       0x10 build/obj/vectors.o
 .debug_ranges  0x000000f0       0x10 build/obj/chcore.o
 .debug_ranges  0x00000100       0x58 build/obj/chcore_v7m.o
 .debug_ranges  0x00000158       0x20 build/obj/nvic.o
 .debug_ranges  0x00000178       0x20 build/obj/chsys.o
 .debug_ranges  0x00000198       0x20 build/obj/chvt.o
 .debug_ranges  0x000001b8      0x190 build/obj/chschd.o
 .debug_ranges  0x00000348       0xc8 build/obj/chthreads.o
 .debug_ranges  0x00000410       0x30 build/obj/chregistry.o
 .debug_ranges  0x00000440      0x228 build/obj/chmtx.o
 .debug_ranges  0x00000668       0x28 build/obj/chmemcore.o
 .debug_ranges  0x00000690       0x30 build/obj/chheap.o
 .debug_ranges  0x000006c0       0x50 build/obj/hal.o
 .debug_ranges  0x00000710       0x70 build/obj/pwm.o
 .debug_ranges  0x00000780       0xf8 build/obj/uart.o
 .debug_ranges  0x00000878       0x80 build/obj/stm32_dma.o
 .debug_ranges  0x000008f8       0x30 build/obj/hal_lld.o
 .debug_ranges  0x00000928       0xf8 build/obj/pal_lld.o
 .debug_ranges  0x00000a20       0x68 build/obj/pwm_lld.o
 .debug_ranges  0x00000a88       0xd8 build/obj/uart_lld.o
 .debug_ranges  0x00000b60       0x18 build/obj/board.o
 .debug_ranges  0x00000b78       0x10 build/obj/main.o
 .debug_ranges  0x00000b88       0x28 build/obj/blinky.o
 .debug_ranges  0x00000bb0       0x40 build/obj/uart_scp.o

.debug_line     0x00000000     0x36f2
 .debug_line    0x00000000      0x15f build/obj/crt0.o
 .debug_line    0x0000015f       0xd7 build/obj/vectors.o
 .debug_line    0x00000236       0x55 build/obj/chcore.o
 .debug_line    0x0000028b      0x20c build/obj/chcore_v7m.o
 .debug_line    0x00000497      0x116 build/obj/nvic.o
 .debug_line    0x000005ad      0x21b build/obj/chsys.o
 .debug_line    0x000007c8      0x14f build/obj/chvt.o
 .debug_line    0x00000917      0x320 build/obj/chschd.o
 .debug_line    0x00000c37      0x35c build/obj/chthreads.o
 .debug_line    0x00000f93      0x1ee build/obj/chregistry.o
 .debug_line    0x00001181      0x359 build/obj/chmtx.o
 .debug_line    0x000014da      0x171 build/obj/chmemcore.o
 .debug_line    0x0000164b      0x289 build/obj/chheap.o
 .debug_line    0x000018d4      0x269 build/obj/hal.o
 .debug_line    0x00001b3d      0x1d9 build/obj/pwm.o
 .debug_line    0x00001d16      0x2f8 build/obj/uart.o
 .debug_line    0x0000200e      0x348 build/obj/stm32_dma.o
 .debug_line    0x00002356      0x1de build/obj/hal_lld.o
 .debug_line    0x00002534      0x1cf build/obj/pal_lld.o
 .debug_line    0x00002703      0x2ca build/obj/pwm_lld.o
 .debug_line    0x000029cd      0x3d3 build/obj/uart_lld.o
 .debug_line    0x00002da0      0x182 build/obj/board.o
 .debug_line    0x00002f22      0x18a build/obj/main.o
 .debug_line    0x000030ac      0x310 build/obj/blinky.o
 .debug_line    0x000033bc      0x336 build/obj/uart_scp.o

.debug_str      0x00000000     0x1cd7
 .debug_str     0x00000000      0x20e build/obj/crt0.o
                                0x242 (size before relaxing)
 .debug_str     0x0000020e      0x147 build/obj/vectors.o
                                0x26d (size before relaxing)
 .debug_str     0x00000355       0x2f build/obj/chcore.o
                                0x140 (size before relaxing)
 .debug_str     0x00000384      0x2db build/obj/chcore_v7m.o
                                0x415 (size before relaxing)
 .debug_str     0x0000065f       0xa0 build/obj/nvic.o
                                0x23f (size before relaxing)
 .debug_str     0x000006ff      0x207 build/obj/chsys.o
                                0x4ed (size before relaxing)
 .debug_str     0x00000906       0x38 build/obj/chvt.o
                                0x1c0 (size before relaxing)
 .debug_str     0x0000093e       0xd7 build/obj/chschd.o
                                0x422 (size before relaxing)
 .debug_str     0x00000a15       0xd5 build/obj/chthreads.o
                                0x48d (size before relaxing)
 .debug_str     0x00000aea       0x44 build/obj/chregistry.o
                                0x410 (size before relaxing)
 .debug_str     0x00000b2e       0x93 build/obj/chmtx.o
                                0x3a7 (size before relaxing)
 .debug_str     0x00000bc1       0x72 build/obj/chmemcore.o
                                0x1ab (size before relaxing)
 .debug_str     0x00000c33       0xb5 build/obj/chheap.o
                                0x38b (size before relaxing)
 .debug_str     0x00000ce8      0x15d build/obj/hal.o
                                0x294 (size before relaxing)
 .debug_str     0x00000e45      0x1b8 build/obj/pwm.o
                                0x31a (size before relaxing)
 .debug_str     0x00000ffd      0x322 build/obj/uart.o
                                0x48e (size before relaxing)
 .debug_str     0x0000131f      0x5cb build/obj/stm32_dma.o
                                0x7b1 (size before relaxing)
 .debug_str     0x000018ea       0xdd build/obj/hal_lld.o
                                0x2c9 (size before relaxing)
 .debug_str     0x000019c7       0xcb build/obj/pal_lld.o
                                0x2e1 (size before relaxing)
 .debug_str     0x00001a92       0x5b build/obj/pwm_lld.o
                                0x399 (size before relaxing)
 .debug_str     0x00001aed       0xbf build/obj/uart_lld.o
                                0x585 (size before relaxing)
 .debug_str     0x00001bac       0x2c build/obj/board.o
                                0x202 (size before relaxing)
 .debug_str     0x00001bd8       0x28 build/obj/main.o
                                0x183 (size before relaxing)
 .debug_str     0x00001c00       0x41 build/obj/blinky.o
                                0x5e0 (size before relaxing)
 .debug_str     0x00001c41       0x96 build/obj/uart_scp.o
                                0x481 (size before relaxing)

.comment        0x00000000       0x70
 .comment       0x00000000       0x70 build/obj/crt0.o
                                 0x71 (size before relaxing)
 .comment       0x00000000       0x71 build/obj/vectors.o
 .comment       0x00000000       0x71 build/obj/chcore.o
 .comment       0x00000000       0x71 build/obj/chcore_v7m.o
 .comment       0x00000000       0x71 build/obj/nvic.o
 .comment       0x00000000       0x71 build/obj/chsys.o
 .comment       0x00000000       0x71 build/obj/chvt.o
 .comment       0x00000000       0x71 build/obj/chschd.o
 .comment       0x00000000       0x71 build/obj/chthreads.o
 .comment       0x00000000       0x71 build/obj/chregistry.o
 .comment       0x00000000       0x71 build/obj/chmtx.o
 .comment       0x00000000       0x71 build/obj/chmemcore.o
 .comment       0x00000000       0x71 build/obj/chheap.o
 .comment       0x00000000       0x71 build/obj/hal.o
 .comment       0x00000000       0x71 build/obj/pwm.o
 .comment       0x00000000       0x71 build/obj/uart.o
 .comment       0x00000000       0x71 build/obj/stm32_dma.o
 .comment       0x00000000       0x71 build/obj/hal_lld.o
 .comment       0x00000000       0x71 build/obj/pal_lld.o
 .comment       0x00000000       0x71 build/obj/pwm_lld.o
 .comment       0x00000000       0x71 build/obj/uart_lld.o
 .comment       0x00000000       0x71 build/obj/board.o
 .comment       0x00000000       0x71 build/obj/main.o
 .comment       0x00000000       0x71 build/obj/blinky.o
 .comment       0x00000000       0x71 build/obj/uart_scp.o

.ARM.attributes
                0x00000000       0x33
 .ARM.attributes
                0x00000000       0x33 build/obj/crt0.o
 .ARM.attributes
                0x00000033       0x33 build/obj/vectors.o
 .ARM.attributes
                0x00000066       0x33 build/obj/chcore.o
 .ARM.attributes
                0x00000099       0x33 build/obj/chcore_v7m.o
 .ARM.attributes
                0x000000cc       0x33 build/obj/nvic.o
 .ARM.attributes
                0x000000ff       0x33 build/obj/chsys.o
 .ARM.attributes
                0x00000132       0x33 build/obj/chvt.o
 .ARM.attributes
                0x00000165       0x33 build/obj/chschd.o
 .ARM.attributes
                0x00000198       0x33 build/obj/chthreads.o
 .ARM.attributes
                0x000001cb       0x33 build/obj/chregistry.o
 .ARM.attributes
                0x000001fe       0x33 build/obj/chmtx.o
 .ARM.attributes
                0x00000231       0x33 build/obj/chmemcore.o
 .ARM.attributes
                0x00000264       0x33 build/obj/chheap.o
 .ARM.attributes
                0x00000297       0x33 build/obj/hal.o
 .ARM.attributes
                0x000002ca       0x33 build/obj/pwm.o
 .ARM.attributes
                0x000002fd       0x33 build/obj/uart.o
 .ARM.attributes
                0x00000330       0x33 build/obj/stm32_dma.o
 .ARM.attributes
                0x00000363       0x33 build/obj/hal_lld.o
 .ARM.attributes
                0x00000396       0x33 build/obj/pal_lld.o
 .ARM.attributes
                0x000003c9       0x33 build/obj/pwm_lld.o
 .ARM.attributes
                0x000003fc       0x33 build/obj/uart_lld.o
 .ARM.attributes
                0x0000042f       0x33 build/obj/board.o
 .ARM.attributes
                0x00000462       0x33 build/obj/main.o
 .ARM.attributes
                0x00000495       0x33 build/obj/blinky.o
 .ARM.attributes
                0x000004c8       0x33 build/obj/uart_scp.o

.debug_frame    0x00000000      0xec8
 .debug_frame   0x00000000       0x50 build/obj/crt0.o
 .debug_frame   0x00000050       0x20 build/obj/vectors.o
 .debug_frame   0x00000070       0x20 build/obj/chcore.o
 .debug_frame   0x00000090       0x98 build/obj/chcore_v7m.o
 .debug_frame   0x00000128       0x64 build/obj/nvic.o
 .debug_frame   0x0000018c       0x5c build/obj/chsys.o
 .debug_frame   0x000001e8       0x4c build/obj/chvt.o
 .debug_frame   0x00000234       0xf0 build/obj/chschd.o
 .debug_frame   0x00000324      0x160 build/obj/chthreads.o
 .debug_frame   0x00000484       0x3c build/obj/chregistry.o
 .debug_frame   0x000004c0       0xe4 build/obj/chmtx.o
 .debug_frame   0x000005a4       0x50 build/obj/chmemcore.o
 .debug_frame   0x000005f4       0x98 build/obj/chheap.o
 .debug_frame   0x0000068c       0x4c build/obj/hal.o
 .debug_frame   0x000006d8       0xb0 build/obj/pwm.o
 .debug_frame   0x00000788      0x148 build/obj/uart.o
 .debug_frame   0x000008d0      0x1d4 build/obj/stm32_dma.o
 .debug_frame   0x00000aa4       0x40 build/obj/hal_lld.o
 .debug_frame   0x00000ae4       0x4c build/obj/pal_lld.o
 .debug_frame   0x00000b30       0xb0 build/obj/pwm_lld.o
 .debug_frame   0x00000be0      0x164 build/obj/uart_lld.o
 .debug_frame   0x00000d44       0x30 build/obj/board.o
 .debug_frame   0x00000d74       0x2c build/obj/main.o
 .debug_frame   0x00000da0       0x84 build/obj/blinky.o
 .debug_frame   0x00000e24       0xa4 build/obj/uart_scp.o

.debug_loc      0x00000000     0x3541
 .debug_loc     0x00000000      0x10c build/obj/chcore_v7m.o
 .debug_loc     0x0000010c      0x1ca build/obj/nvic.o
 .debug_loc     0x000002d6       0xe2 build/obj/chsys.o
 .debug_loc     0x000003b8       0xb8 build/obj/chvt.o
 .debug_loc     0x00000470      0x33e build/obj/chschd.o
 .debug_loc     0x000007ae      0x519 build/obj/chthreads.o
 .debug_loc     0x00000cc7       0xb7 build/obj/chregistry.o
 .debug_loc     0x00000d7e      0x4c2 build/obj/chmtx.o
 .debug_loc     0x00001240      0x114 build/obj/chmemcore.o
 .debug_loc     0x00001354      0x318 build/obj/chheap.o
 .debug_loc     0x0000166c       0xa7 build/obj/hal.o
 .debug_loc     0x00001713      0x28f build/obj/pwm.o
 .debug_loc     0x000019a2      0x4fa build/obj/uart.o
 .debug_loc     0x00001e9c      0x481 build/obj/stm32_dma.o
 .debug_loc     0x0000231d       0x20 build/obj/hal_lld.o
 .debug_loc     0x0000233d      0x272 build/obj/pal_lld.o
 .debug_loc     0x000025af      0x2e9 build/obj/pwm_lld.o
 .debug_loc     0x00002898      0x688 build/obj/uart_lld.o
 .debug_loc     0x00002f20       0x20 build/obj/main.o
 .debug_loc     0x00002f40       0xe6 build/obj/blinky.o
 .debug_loc     0x00003026      0x51b build/obj/uart_scp.o

Cross Reference Table

Symbol                                            File
BusFaultVector                                    build/obj/vectors.o
DebugMonitorVector                                build/obj/vectors.o
HardFaultVector                                   build/obj/vectors.o
MemManageVector                                   build/obj/vectors.o
NMIVector                                         build/obj/vectors.o
PWMD4                                             build/obj/pwm_lld.o
PendSVVector                                      build/obj/vectors.o
ResetHandler                                      build/obj/crt0.o
                                                  build/obj/vectors.o
SVCallVector                                      build/obj/chcore_v7m.o
                                                  build/obj/vectors.o
SysTickVector                                     build/obj/chcore_v7m.o
                                                  build/obj/vectors.o
TestThread                                        build/obj/test.o
UARTD1                                            build/obj/uart_lld.o
                                                  build/obj/uart_scp.o
                                                  build/obj/blinky.o
UsageFaultVector                                  build/obj/vectors.o
Vector100                                         build/obj/vectors.o
Vector104                                         build/obj/vectors.o
Vector108                                         build/obj/vectors.o
Vector10C                                         build/obj/vectors.o
Vector110                                         build/obj/vectors.o
Vector114                                         build/obj/vectors.o
Vector118                                         build/obj/vectors.o
Vector11C                                         build/obj/vectors.o
Vector120                                         build/obj/stm32_dma.o
                                                  build/obj/vectors.o
Vector124                                         build/obj/stm32_dma.o
                                                  build/obj/vectors.o
Vector128                                         build/obj/stm32_dma.o
                                                  build/obj/vectors.o
Vector12C                                         build/obj/stm32_dma.o
                                                  build/obj/vectors.o
Vector130                                         build/obj/stm32_dma.o
                                                  build/obj/vectors.o
Vector134                                         build/obj/vectors.o
Vector138                                         build/obj/vectors.o
Vector13C                                         build/obj/vectors.o
Vector140                                         build/obj/vectors.o
Vector144                                         build/obj/vectors.o
Vector148                                         build/obj/vectors.o
Vector14C                                         build/obj/vectors.o
Vector150                                         build/obj/vectors.o
Vector154                                         build/obj/vectors.o
Vector158                                         build/obj/vectors.o
Vector15C                                         build/obj/vectors.o
Vector160                                         build/obj/vectors.o
Vector164                                         build/obj/vectors.o
Vector168                                         build/obj/vectors.o
Vector16C                                         build/obj/vectors.o
Vector170                                         build/obj/vectors.o
Vector174                                         build/obj/vectors.o
Vector178                                         build/obj/vectors.o
Vector17C                                         build/obj/vectors.o
Vector180                                         build/obj/vectors.o
Vector184                                         build/obj/vectors.o
Vector1C                                          build/obj/vectors.o
Vector20                                          build/obj/vectors.o
Vector24                                          build/obj/vectors.o
Vector28                                          build/obj/vectors.o
Vector34                                          build/obj/vectors.o
Vector40                                          build/obj/vectors.o
Vector44                                          build/obj/vectors.o
Vector48                                          build/obj/vectors.o
Vector4C                                          build/obj/vectors.o
Vector50                                          build/obj/vectors.o
Vector54                                          build/obj/vectors.o
Vector58                                          build/obj/vectors.o
Vector5C                                          build/obj/vectors.o
Vector60                                          build/obj/vectors.o
Vector64                                          build/obj/vectors.o
Vector68                                          build/obj/vectors.o
Vector6C                                          build/obj/stm32_dma.o
                                                  build/obj/vectors.o
Vector70                                          build/obj/stm32_dma.o
                                                  build/obj/vectors.o
Vector74                                          build/obj/stm32_dma.o
                                                  build/obj/vectors.o
Vector78                                          build/obj/stm32_dma.o
                                                  build/obj/vectors.o
Vector7C                                          build/obj/stm32_dma.o
                                                  build/obj/vectors.o
Vector80                                          build/obj/stm32_dma.o
                                                  build/obj/vectors.o
Vector84                                          build/obj/stm32_dma.o
                                                  build/obj/vectors.o
Vector88                                          build/obj/vectors.o
Vector8C                                          build/obj/vectors.o
Vector90                                          build/obj/vectors.o
Vector94                                          build/obj/vectors.o
Vector98                                          build/obj/vectors.o
Vector9C                                          build/obj/vectors.o
VectorA0                                          build/obj/vectors.o
VectorA4                                          build/obj/vectors.o
VectorA8                                          build/obj/vectors.o
VectorAC                                          build/obj/vectors.o
VectorB0                                          build/obj/vectors.o
VectorB4                                          build/obj/vectors.o
VectorB8                                          build/obj/pwm_lld.o
                                                  build/obj/vectors.o
VectorBC                                          build/obj/vectors.o
VectorC0                                          build/obj/vectors.o
VectorC4                                          build/obj/vectors.o
VectorC8                                          build/obj/vectors.o
VectorCC                                          build/obj/vectors.o
VectorD0                                          build/obj/vectors.o
VectorD4                                          build/obj/uart_lld.o
                                                  build/obj/vectors.o
VectorD8                                          build/obj/vectors.o
VectorDC                                          build/obj/vectors.o
VectorE0                                          build/obj/vectors.o
VectorE4                                          build/obj/vectors.o
VectorE8                                          build/obj/vectors.o
VectorEC                                          build/obj/vectors.o
VectorF0                                          build/obj/vectors.o
VectorF4                                          build/obj/vectors.o
VectorF8                                          build/obj/vectors.o
VectorFC                                          build/obj/vectors.o
__early_init                                      build/obj/board.o
                                                  build/obj/crt0.o
__fini_array_end                                  build/obj/crt0.o
__fini_array_start                                build/obj/crt0.o
__heap_base__                                     build/obj/chmemcore.o
__heap_end__                                      build/obj/chmemcore.o
__init_array_end                                  build/obj/crt0.o
__init_array_start                                build/obj/crt0.o
__late_init                                       build/obj/crt0.o
__main_stack_base__                               build/obj/crt0.o
__main_stack_end__                                build/obj/vectors.o
                                                  build/obj/crt0.o
__process_stack_base__                            build/obj/crt0.o
__process_stack_end__                             build/obj/crt0.o
_bss_end                                          build/obj/crt0.o
_bss_start                                        build/obj/crt0.o
_core_init                                        build/obj/chmemcore.o
                                                  build/obj/chsys.o
_data                                             build/obj/crt0.o
_default_exit                                     build/obj/crt0.o
_edata                                            build/obj/crt0.o
_heap_init                                        build/obj/chheap.o
                                                  build/obj/chsys.o
_idle_thread                                      build/obj/chsys.o
_idle_thread_wa                                   build/obj/chsys.o
_pal_lld_init                                     build/obj/pal_lld.o
                                                  build/obj/hal.o
_pal_lld_setgroupmode                             build/obj/pal_lld.o
                                                  build/obj/pal.o
_port_init                                        build/obj/chcore_v7m.o
                                                  build/obj/chsys.o
_port_irq_epilogue                                build/obj/chcore_v7m.o
                                                  build/obj/uart_lld.o
                                                  build/obj/pwm_lld.o
                                                  build/obj/stm32_dma.o
_port_switch                                      build/obj/chcore_v7m.o
                                                  build/obj/chschd.o
_port_switch_from_isr                             build/obj/chcore_v7m.o
_port_thread_start                                build/obj/chcore_v7m.o
                                                  build/obj/chthreads.o
_scheduler_init                                   build/obj/chschd.o
                                                  build/obj/chsys.o
_stm32_dma_streams                                build/obj/stm32_dma.o
                                                  build/obj/uart_lld.o
_test_assert                                      build/obj/test.o
                                                  build/obj/testqueues.o
                                                  build/obj/testdyn.o
                                                  build/obj/testpools.o
                                                  build/obj/testheap.o
                                                  build/obj/testevt.o
                                                  build/obj/testmbox.o
                                                  build/obj/testmtx.o
                                                  build/obj/testsem.o
                                                  build/obj/testthd.o
_test_assert_sequence                             build/obj/test.o
                                                  build/obj/testqueues.o
                                                  build/obj/testdyn.o
                                                  build/obj/testevt.o
                                                  build/obj/testmbox.o
                                                  build/obj/testmsg.o
                                                  build/obj/testmtx.o
                                                  build/obj/testsem.o
                                                  build/obj/testthd.o
_test_assert_time_window                          build/obj/test.o
                                                  build/obj/testevt.o
                                                  build/obj/testmtx.o
                                                  build/obj/testsem.o
                                                  build/obj/testthd.o
_test_fail                                        build/obj/test.o
_textdata                                         build/obj/crt0.o
_thread_init                                      build/obj/chthreads.o
                                                  build/obj/chsys.o
_unhandled_exception                              build/obj/vectors.o
_vectors                                          build/obj/vectors.o
_vt_init                                          build/obj/chvt.o
                                                  build/obj/chsys.o
boardInit                                         build/obj/board.o
                                                  build/obj/hal.o
chCondBroadcast                                   build/obj/chcond.o
                                                  build/obj/testmtx.o
chCondBroadcastI                                  build/obj/chcond.o
chCondInit                                        build/obj/chcond.o
                                                  build/obj/testmtx.o
chCondSignal                                      build/obj/chcond.o
                                                  build/obj/testmtx.o
chCondSignalI                                     build/obj/chcond.o
                                                  build/obj/testmtx.o
chCondWait                                        build/obj/chcond.o
                                                  build/obj/testmtx.o
chCondWaitS                                       build/obj/chcond.o
chCondWaitTimeout                                 build/obj/chcond.o
                                                  build/obj/testmtx.o
chCondWaitTimeoutS                                build/obj/chcond.o
chCoreAlloc                                       build/obj/chmemcore.o
                                                  build/obj/chheap.o
chCoreAllocI                                      build/obj/chmemcore.o
chCoreStatus                                      build/obj/chmemcore.o
                                                  build/obj/testheap.o
chEvtAddEvents                                    build/obj/chevents.o
                                                  build/obj/testevt.o
chEvtBroadcastFlags                               build/obj/chevents.o
                                                  build/obj/testevt.o
chEvtBroadcastFlagsI                              build/obj/chevents.o
chEvtDispatch                                     build/obj/chevents.o
                                                  build/obj/testevt.o
chEvtGetAndClearEvents                            build/obj/chevents.o
                                                  build/obj/testevt.o
chEvtGetAndClearFlags                             build/obj/chevents.o
chEvtGetAndClearFlagsI                            build/obj/chevents.o
chEvtRegisterMask                                 build/obj/chevents.o
                                                  build/obj/testevt.o
chEvtSignal                                       build/obj/chevents.o
                                                  build/obj/testevt.o
chEvtSignalI                                      build/obj/chevents.o
chEvtUnregister                                   build/obj/chevents.o
                                                  build/obj/testevt.o
chEvtWaitAll                                      build/obj/chevents.o
                                                  build/obj/testevt.o
chEvtWaitAllTimeout                               build/obj/chevents.o
                                                  build/obj/testevt.o
chEvtWaitAny                                      build/obj/chevents.o
                                                  build/obj/testevt.o
chEvtWaitAnyTimeout                               build/obj/chevents.o
                                                  build/obj/testevt.o
chEvtWaitOne                                      build/obj/chevents.o
                                                  build/obj/testevt.o
chEvtWaitOneTimeout                               build/obj/chevents.o
                                                  build/obj/testevt.o
chHeapAlloc                                       build/obj/chheap.o
                                                  build/obj/testdyn.o
                                                  build/obj/testheap.o
                                                  build/obj/chdynamic.o
chHeapFree                                        build/obj/chheap.o
                                                  build/obj/testdyn.o
                                                  build/obj/testheap.o
                                                  build/obj/chdynamic.o
chHeapInit                                        build/obj/chheap.o
                                                  build/obj/testdyn.o
                                                  build/obj/testheap.o
chHeapStatus                                      build/obj/chheap.o
                                                  build/obj/testdyn.o
                                                  build/obj/testheap.o
chIQGetTimeout                                    build/obj/chqueues.o
                                                  build/obj/testbmk.o
                                                  build/obj/testqueues.o
chIQInit                                          build/obj/chqueues.o
                                                  build/obj/testbmk.o
                                                  build/obj/testqueues.o
chIQPutI                                          build/obj/chqueues.o
                                                  build/obj/testbmk.o
                                                  build/obj/testqueues.o
chIQReadTimeout                                   build/obj/chqueues.o
                                                  build/obj/testqueues.o
chIQResetI                                        build/obj/chqueues.o
                                                  build/obj/testqueues.o
chMBFetch                                         build/obj/chmboxes.o
                                                  build/obj/testmbox.o
chMBFetchI                                        build/obj/chmboxes.o
                                                  build/obj/testmbox.o
chMBFetchS                                        build/obj/chmboxes.o
chMBInit                                          build/obj/chmboxes.o
                                                  build/obj/testmbox.o
chMBPost                                          build/obj/chmboxes.o
                                                  build/obj/testmbox.o
chMBPostAhead                                     build/obj/chmboxes.o
                                                  build/obj/testmbox.o
chMBPostAheadI                                    build/obj/chmboxes.o
                                                  build/obj/testmbox.o
chMBPostAheadS                                    build/obj/chmboxes.o
chMBPostI                                         build/obj/chmboxes.o
                                                  build/obj/testmbox.o
chMBPostS                                         build/obj/chmboxes.o
chMBReset                                         build/obj/chmboxes.o
                                                  build/obj/testmbox.o
chMsgRelease                                      build/obj/chmsg.o
                                                  build/obj/testbmk.o
                                                  build/obj/testmsg.o
chMsgSend                                         build/obj/chmsg.o
                                                  build/obj/testbmk.o
                                                  build/obj/testmsg.o
chMsgWait                                         build/obj/chmsg.o
                                                  build/obj/testbmk.o
                                                  build/obj/testmsg.o
chMtxInit                                         build/obj/chmtx.o
                                                  build/obj/testbmk.o
                                                  build/obj/testmtx.o
                                                  build/obj/chheap.o
chMtxLock                                         build/obj/chmtx.o
                                                  build/obj/testbmk.o
                                                  build/obj/testmtx.o
                                                  build/obj/chheap.o
chMtxLockS                                        build/obj/chmtx.o
                                                  build/obj/chcond.o
chMtxTryLock                                      build/obj/chmtx.o
                                                  build/obj/testmtx.o
chMtxTryLockS                                     build/obj/chmtx.o
chMtxUnlock                                       build/obj/chmtx.o
                                                  build/obj/testbmk.o
                                                  build/obj/testmtx.o
                                                  build/obj/chheap.o
chMtxUnlockAll                                    build/obj/chmtx.o
                                                  build/obj/testmtx.o
chMtxUnlockS                                      build/obj/chmtx.o
                                                  build/obj/testmtx.o
                                                  build/obj/chcond.o
chOQGetI                                          build/obj/chqueues.o
                                                  build/obj/testqueues.o
chOQInit                                          build/obj/chqueues.o
                                                  build/obj/testqueues.o
chOQPutTimeout                                    build/obj/chqueues.o
                                                  build/obj/testqueues.o
chOQResetI                                        build/obj/chqueues.o
                                                  build/obj/testqueues.o
chOQWriteTimeout                                  build/obj/chqueues.o
                                                  build/obj/testqueues.o
chPoolAlloc                                       build/obj/chmempools.o
                                                  build/obj/testdyn.o
                                                  build/obj/testpools.o
                                                  build/obj/chdynamic.o
chPoolAllocI                                      build/obj/chmempools.o
chPoolFree                                        build/obj/chmempools.o
                                                  build/obj/testdyn.o
                                                  build/obj/testpools.o
                                                  build/obj/chdynamic.o
chPoolFreeI                                       build/obj/chmempools.o
chPoolInit                                        build/obj/chmempools.o
                                                  build/obj/testdyn.o
                                                  build/obj/testpools.o
chPoolLoadArray                                   build/obj/chmempools.o
                                                  build/obj/testpools.o
chRegFirstThread                                  build/obj/chregistry.o
                                                  build/obj/testdyn.o
chRegNextThread                                   build/obj/chregistry.o
                                                  build/obj/testdyn.o
chSchDoReschedule                                 build/obj/chschd.o
                                                  build/obj/chcore_v7m.o
chSchDoRescheduleAhead                            build/obj/chschd.o
chSchDoRescheduleBehind                           build/obj/chschd.o
                                                  build/obj/chthreads.o
chSchGoSleepS                                     build/obj/chschd.o
                                                  build/obj/testbmk.o
                                                  build/obj/chmsg.o
                                                  build/obj/chevents.o
                                                  build/obj/chcond.o
                                                  build/obj/chmtx.o
                                                  build/obj/chsem.o
                                                  build/obj/chthreads.o
chSchGoSleepTimeoutS                              build/obj/chschd.o
                                                  build/obj/chqueues.o
                                                  build/obj/chevents.o
                                                  build/obj/chcond.o
                                                  build/obj/chsem.o
                                                  build/obj/chthreads.o
chSchReadyI                                       build/obj/chschd.o
                                                  build/obj/chqueues.o
                                                  build/obj/chmsg.o
                                                  build/obj/chevents.o
                                                  build/obj/chcond.o
                                                  build/obj/chmtx.o
                                                  build/obj/chsem.o
                                                  build/obj/chthreads.o
chSchRescheduleS                                  build/obj/chschd.o
                                                  build/obj/testmtx.o
                                                  build/obj/testsem.o
                                                  build/obj/chmboxes.o
                                                  build/obj/chevents.o
                                                  build/obj/chcond.o
                                                  build/obj/chmtx.o
                                                  build/obj/chsem.o
                                                  build/obj/chthreads.o
chSchWakeupS                                      build/obj/chschd.o
                                                  build/obj/testbmk.o
                                                  build/obj/chmsg.o
                                                  build/obj/chcond.o
                                                  build/obj/chmtx.o
                                                  build/obj/chsem.o
                                                  build/obj/chdynamic.o
                                                  build/obj/chthreads.o
chSemAddCounterI                                  build/obj/chsem.o
                                                  build/obj/testsem.o
chSemInit                                         build/obj/chsem.o
                                                  build/obj/testbmk.o
                                                  build/obj/testsem.o
                                                  build/obj/chmboxes.o
chSemReset                                        build/obj/chsem.o
                                                  build/obj/testbmk.o
                                                  build/obj/testsem.o
chSemResetI                                       build/obj/chsem.o
                                                  build/obj/chmboxes.o
chSemSignal                                       build/obj/chsem.o
                                                  build/obj/testbmk.o
                                                  build/obj/testsem.o
chSemSignalI                                      build/obj/chsem.o
                                                  build/obj/testsem.o
                                                  build/obj/chmboxes.o
chSemSignalWait                                   build/obj/chsem.o
                                                  build/obj/testsem.o
chSemWait                                         build/obj/chsem.o
                                                  build/obj/testbmk.o
                                                  build/obj/testsem.o
chSemWaitS                                        build/obj/chsem.o
chSemWaitTimeout                                  build/obj/chsem.o
                                                  build/obj/testsem.o
chSemWaitTimeoutS                                 build/obj/chsem.o
                                                  build/obj/chmboxes.o
chSysInit                                         build/obj/chsys.o
                                                  build/obj/main.o
chSysTimerHandlerI                                build/obj/chsys.o
                                                  build/obj/chcore_v7m.o
chThdAddRef                                       build/obj/chdynamic.o
                                                  build/obj/testdyn.o
chThdCreateFromHeap                               build/obj/chdynamic.o
                                                  build/obj/testdyn.o
chThdCreateFromMemoryPool                         build/obj/chdynamic.o
                                                  build/obj/testdyn.o
chThdCreateI                                      build/obj/chthreads.o
                                                  build/obj/testthd.o
                                                  build/obj/chdynamic.o
chThdCreateStatic                                 build/obj/chthreads.o
                                                  build/obj/blinky.o
                                                  build/obj/testbmk.o
                                                  build/obj/testqueues.o
                                                  build/obj/testevt.o
                                                  build/obj/testmsg.o
                                                  build/obj/testmtx.o
                                                  build/obj/testsem.o
                                                  build/obj/testthd.o
                                                  build/obj/chsys.o
chThdExit                                         build/obj/chthreads.o
                                                  build/obj/chcore_v7m.o
chThdExitS                                        build/obj/chthreads.o
chThdRelease                                      build/obj/chdynamic.o
                                                  build/obj/testdyn.o
                                                  build/obj/chregistry.o
                                                  build/obj/chthreads.o
chThdResume                                       build/obj/chthreads.o
                                                  build/obj/testthd.o
chThdSetPriority                                  build/obj/chthreads.o
                                                  build/obj/testthd.o
chThdSleep                                        build/obj/chthreads.o
                                                  build/obj/blinky.o
                                                  build/obj/main.o
                                                  build/obj/testbmk.o
                                                  build/obj/testdyn.o
                                                  build/obj/testevt.o
                                                  build/obj/testmtx.o
                                                  build/obj/testsem.o
                                                  build/obj/testthd.o
                                                  build/obj/test.o
chThdSleepUntil                                   build/obj/chthreads.o
                                                  build/obj/testthd.o
chThdTerminate                                    build/obj/chthreads.o
                                                  build/obj/test.o
chThdWait                                         build/obj/chthreads.o
                                                  build/obj/testbmk.o
                                                  build/obj/test.o
chThdYield                                        build/obj/chthreads.o
                                                  build/obj/testbmk.o
chVTResetI                                        build/obj/chvt.o
                                                  build/obj/testbmk.o
                                                  build/obj/chschd.o
chVTSetI                                          build/obj/chvt.o
                                                  build/obj/testbmk.o
                                                  build/obj/test.o
                                                  build/obj/chschd.o
ch_debug                                          build/obj/chregistry.o
                                                  build/obj/chsys.o
crc8                                              build/obj/uart_scp.o
dmaInit                                           build/obj/stm32_dma.o
                                                  build/obj/hal_lld.o
dmaStreamAllocate                                 build/obj/stm32_dma.o
                                                  build/obj/uart_lld.o
dmaStreamRelease                                  build/obj/stm32_dma.o
                                                  build/obj/uart_lld.o
halInit                                           build/obj/hal.o
                                                  build/obj/main.o
halIsCounterWithin                                build/obj/hal.o
halPolledDelay                                    build/obj/hal.o
hal_lld_init                                      build/obj/hal_lld.o
                                                  build/obj/hal.o
main                                              build/obj/main.o
                                                  build/obj/crt0.o
nvicDisableVector                                 build/obj/nvic.o
                                                  build/obj/uart_lld.o
                                                  build/obj/pwm_lld.o
                                                  build/obj/stm32_dma.o
nvicEnableVector                                  build/obj/nvic.o
                                                  build/obj/uart_lld.o
                                                  build/obj/pwm_lld.o
                                                  build/obj/stm32_dma.o
nvicSetSystemHandlerPriority                      build/obj/nvic.o
                                                  build/obj/chcore_v7m.o
palReadBus                                        build/obj/pal.o
palSetBusMode                                     build/obj/pal.o
palWriteBus                                       build/obj/pal.o
pal_default_config                                build/obj/board.o
                                                  build/obj/hal.o
patternbmk                                        build/obj/testbmk.o
                                                  build/obj/test.o
patterndyn                                        build/obj/testdyn.o
                                                  build/obj/test.o
patternevt                                        build/obj/testevt.o
                                                  build/obj/test.o
patternheap                                       build/obj/testheap.o
                                                  build/obj/test.o
patternmbox                                       build/obj/testmbox.o
                                                  build/obj/test.o
patternmsg                                        build/obj/testmsg.o
                                                  build/obj/test.o
patternmtx                                        build/obj/testmtx.o
                                                  build/obj/test.o
patternpools                                      build/obj/testpools.o
                                                  build/obj/test.o
patternqueues                                     build/obj/testqueues.o
                                                  build/obj/test.o
patternsem                                        build/obj/testsem.o
                                                  build/obj/test.o
patternthd                                        build/obj/testthd.o
                                                  build/obj/test.o
port_halt                                         build/obj/chcore.o
                                                  build/obj/uart_lld.o
pwmChangePeriod                                   build/obj/pwm.o
pwmDisableChannel                                 build/obj/pwm.o
pwmEnableChannel                                  build/obj/pwm.o
pwmInit                                           build/obj/pwm.o
                                                  build/obj/hal.o
pwmObjectInit                                     build/obj/pwm.o
                                                  build/obj/pwm_lld.o
pwmStart                                          build/obj/pwm.o
pwmStop                                           build/obj/pwm.o
pwm_lld_disable_channel                           build/obj/pwm_lld.o
                                                  build/obj/pwm.o
pwm_lld_enable_channel                            build/obj/pwm_lld.o
                                                  build/obj/pwm.o
pwm_lld_init                                      build/obj/pwm_lld.o
                                                  build/obj/pwm.o
pwm_lld_start                                     build/obj/pwm_lld.o
                                                  build/obj/pwm.o
pwm_lld_stop                                      build/obj/pwm_lld.o
                                                  build/obj/pwm.o
rlist                                             build/obj/chschd.o
                                                  build/obj/blinky.o
                                                  build/obj/testbmk.o
                                                  build/obj/testqueues.o
                                                  build/obj/testdyn.o
                                                  build/obj/testevt.o
                                                  build/obj/testmsg.o
                                                  build/obj/testmtx.o
                                                  build/obj/testsem.o
                                                  build/obj/testthd.o
                                                  build/obj/test.o
                                                  build/obj/chqueues.o
                                                  build/obj/chmsg.o
                                                  build/obj/chevents.o
                                                  build/obj/chcond.o
                                                  build/obj/chmtx.o
                                                  build/obj/chsem.o
                                                  build/obj/chregistry.o
                                                  build/obj/chthreads.o
                                                  build/obj/chsys.o
                                                  build/obj/chcore_v7m.o
rxBuffer                                          build/obj/uart_scp.o
startBlinkyBlue                                   build/obj/blinky.o
startBlinkyGreen                                  build/obj/blinky.o
                                                  build/obj/main.o
stm32_clock_init                                  build/obj/hal_lld.o
                                                  build/obj/board.o
test                                              build/obj/test.o
                                                  build/obj/testqueues.o
                                                  build/obj/testdyn.o
                                                  build/obj/testheap.o
                                                  build/obj/testmbox.o
test_cpu_pulse                                    build/obj/test.o
                                                  build/obj/testmtx.o
test_emit_token                                   build/obj/test.o
                                                  build/obj/testqueues.o
                                                  build/obj/testdyn.o
                                                  build/obj/testevt.o
                                                  build/obj/testmbox.o
                                                  build/obj/testmsg.o
                                                  build/obj/testmtx.o
                                                  build/obj/testsem.o
                                                  build/obj/testthd.o
test_print                                        build/obj/test.o
                                                  build/obj/testbmk.o
test_println                                      build/obj/test.o
                                                  build/obj/testbmk.o
test_printn                                       build/obj/test.o
                                                  build/obj/testbmk.o
test_start_timer                                  build/obj/test.o
                                                  build/obj/testbmk.o
test_terminate_threads                            build/obj/test.o
                                                  build/obj/testbmk.o
test_timer_done                                   build/obj/test.o
                                                  build/obj/testbmk.o
test_wait_threads                                 build/obj/test.o
                                                  build/obj/testbmk.o
                                                  build/obj/testqueues.o
                                                  build/obj/testdyn.o
                                                  build/obj/testevt.o
                                                  build/obj/testmtx.o
                                                  build/obj/testsem.o
                                                  build/obj/testthd.o
test_wait_tick                                    build/obj/test.o
                                                  build/obj/testbmk.o
                                                  build/obj/testevt.o
                                                  build/obj/testmtx.o
                                                  build/obj/testsem.o
                                                  build/obj/testthd.o
testbmk1                                          build/obj/testbmk.o
testbmk10                                         build/obj/testbmk.o
testbmk11                                         build/obj/testbmk.o
testbmk12                                         build/obj/testbmk.o
testbmk13                                         build/obj/testbmk.o
testbmk2                                          build/obj/testbmk.o
testbmk3                                          build/obj/testbmk.o
testbmk4                                          build/obj/testbmk.o
testbmk5                                          build/obj/testbmk.o
testbmk6                                          build/obj/testbmk.o
testbmk7                                          build/obj/testbmk.o
testbmk8                                          build/obj/testbmk.o
testbmk9                                          build/obj/testbmk.o
testdyn1                                          build/obj/testdyn.o
testdyn2                                          build/obj/testdyn.o
testdyn3                                          build/obj/testdyn.o
testevt1                                          build/obj/testevt.o
testevt2                                          build/obj/testevt.o
testevt3                                          build/obj/testevt.o
testheap1                                         build/obj/testheap.o
testmbox1                                         build/obj/testmbox.o
testmsg1                                          build/obj/testmsg.o
testmtx1                                          build/obj/testmtx.o
testmtx2                                          build/obj/testmtx.o
testmtx3                                          build/obj/testmtx.o
testmtx4                                          build/obj/testmtx.o
testmtx5                                          build/obj/testmtx.o
testmtx6                                          build/obj/testmtx.o
testmtx7                                          build/obj/testmtx.o
testmtx8                                          build/obj/testmtx.o
testpools1                                        build/obj/testpools.o
testqueues1                                       build/obj/testqueues.o
testqueues2                                       build/obj/testqueues.o
testsem1                                          build/obj/testsem.o
testsem2                                          build/obj/testsem.o
testsem3                                          build/obj/testsem.o
testsem4                                          build/obj/testsem.o
testthd1                                          build/obj/testthd.o
testthd2                                          build/obj/testthd.o
testthd3                                          build/obj/testthd.o
testthd4                                          build/obj/testthd.o
thread4                                           build/obj/testbmk.o
threads                                           build/obj/test.o
                                                  build/obj/testbmk.o
                                                  build/obj/testqueues.o
                                                  build/obj/testdyn.o
                                                  build/obj/testevt.o
                                                  build/obj/testmsg.o
                                                  build/obj/testmtx.o
                                                  build/obj/testsem.o
                                                  build/obj/testthd.o
txBuffer                                          build/obj/uart_scp.o
uartInit                                          build/obj/uart.o
                                                  build/obj/hal.o
uartObjectInit                                    build/obj/uart.o
                                                  build/obj/uart_lld.o
uartSCPInit                                       build/obj/uart_scp.o
                                                  build/obj/main.o
uartStart                                         build/obj/uart.o
                                                  build/obj/uart_scp.o
uartStartReceive                                  build/obj/uart.o
                                                  build/obj/uart_scp.o
uartStartReceiveI                                 build/obj/uart.o
                                                  build/obj/uart_scp.o
uartStartSend                                     build/obj/uart.o
                                                  build/obj/blinky.o
uartStartSendI                                    build/obj/uart.o
                                                  build/obj/uart_scp.o
uartStop                                          build/obj/uart.o
uartStopReceive                                   build/obj/uart.o
uartStopReceiveI                                  build/obj/uart.o
uartStopSend                                      build/obj/uart.o
uartStopSendI                                     build/obj/uart.o
uart_lld_init                                     build/obj/uart_lld.o
                                                  build/obj/uart.o
uart_lld_start                                    build/obj/uart_lld.o
                                                  build/obj/uart.o
uart_lld_start_receive                            build/obj/uart_lld.o
                                                  build/obj/uart.o
uart_lld_start_send                               build/obj/uart_lld.o
                                                  build/obj/uart.o
uart_lld_stop                                     build/obj/uart_lld.o
                                                  build/obj/uart.o
uart_lld_stop_receive                             build/obj/uart_lld.o
                                                  build/obj/uart.o
uart_lld_stop_send                                build/obj/uart_lld.o
                                                  build/obj/uart.o
vtlist                                            build/obj/chvt.o
                                                  build/obj/testevt.o
                                                  build/obj/testmtx.o
                                                  build/obj/testsem.o
                                                  build/obj/testthd.o
                                                  build/obj/test.o
                                                  build/obj/chthreads.o
                                                  build/obj/chsys.o
wa                                                build/obj/test.o
                                                  build/obj/testbmk.o
                                                  build/obj/testqueues.o
                                                  build/obj/testdyn.o
                                                  build/obj/testpools.o
                                                  build/obj/testevt.o
                                                  build/obj/testmsg.o
                                                  build/obj/testmtx.o
                                                  build/obj/testsem.o
                                                  build/obj/testthd.o
